All done. Here's a summary:

**Resume** — 4 projects, 13 bullets (1 page):
| Project | Bullets | Key Coverage |
|---|---|---|
| Xiaoxian (Work Exp.) | 3 | Embedded C, Modbus RTU, robotic arm, encoder imaging |
| ROBOCON | 3 | STM32 firmware, CAN/BLE/UART, PID motor control |
| Crane | 4 | ESP32 Wi-Fi, fuzzy PID stepper, PCB consolidation, perception |
| LIFT | 2 | OptiTrack real-time feedback, ROS2 + MPC |

**Cover letter** — 3 themes (1 page):
1. Embedded motor control + communication protocols (ROBOCON, Crane)
2. Hardware integration + industrial experience (Crane PCB, Xiaoxian Modbus)
3. Cross-functional delivery under compressed timelines (LIFT)

**Fixes applied from QA + HR review:**
- Banned verb "used" → "leveraged" in ROBOCON bullet
- Reverted ROBOCON role title to original "Integrated Mechanical Engineer"
- Removed unsupported "at UC Berkeley" from cover letter
- Changed "three nested PID loops" → "three PID loops" (topology unverified)
- Trimmed UART/DMA detail from cover letter (already on resume)
- Replaced "I am a fast study" with concrete self-teaching example
- Dropped redundant ROBOCON navigation bullet + LIFT leadership bullet for page fit

**Known gaps** (flagged honestly in cover letter closing): direct computer vision, ML, 4G/MQTT.

OUTPUT_PATH: /Users/felixhyy/Desktop/work/applications/03262026/Halobraid_Embedded_Systems_Engineer
